14:34:22 **** Incremental Build of configuration Debug for project stm32f051_harp_cell_electrode ****
make -j3 all 
arm-none-eabi-gcc "../Core/Src/main.c" -mcpu=cortex-m0 -std=gnu11 -g3 -DDEBUG -DUSE_HAL_DRIVER -DSTM32F051x8 -c -I../Core/Inc -I../Drivers/STM32F0xx_HAL_Driver/Inc -I../Drivers/STM32F0xx_HAL_Driver/Inc/Legacy -I../Drivers/CMSIS/Device/ST/STM32F0xx/Include -I../Drivers/CMSIS/Include -O0 -ffunction-sections -fdata-sections -Wall -fstack-usage -MMD -MP -MF"Core/Src/main.d" -MT"Core/Src/main.o" --specs=nano.specs -mfloat-abi=soft -mthumb -o "Core/Src/main.o"
../Core/Src/main.c: In function 'main':
../Core/Src/main.c:101:15: warning: pointer targets in passing argument 1 of 'lcd_string' differ in signedness [-Wpointer-sign]
  101 |    lcd_string("Expecting from address: 10110001");
      |               ^~~~~~~~~~~~~~~~~~~~~~~~~~~~~~~~~~
      |               |
      |               char *
In file included from ../Core/Src/main.c:23:
../Core/Inc/lcd_stm32f0.h:20:26: note: expected 'uint8_t *' {aka 'unsigned char *'} but argument is of type 'char *'
   20 | void lcd_string(uint8_t *string_to_print);
      |                 ~~~~~~~~~^~~~~~~~~~~~~~~
arm-none-eabi-gcc -o "stm32f051_harp_cell_electrode.elf" @"objects.list"   -mcpu=cortex-m0 -T"/Users/tris/Desktop/harp-cell/src/stm32f051_harp_cell_electrode/STM32F051C6TX_FLASH.ld" --specs=nosys.specs -Wl,-Map="stm32f051_harp_cell_electrode.map" -Wl,--gc-sections -static --specs=nano.specs -mfloat-abi=soft -mthumb -Wl,--start-group -lc -lm -Wl,--end-group
Finished building target: stm32f051_harp_cell_electrode.elf
 
arm-none-eabi-size   stm32f051_harp_cell_electrode.elf 
arm-none-eabi-objdump -h -S  stm32f051_harp_cell_electrode.elf  > "stm32f051_harp_cell_electrode.list"
   text	   data	    bss	    dec	    hex	filename
   8872	     20	   1652	  10544	   2930	stm32f051_harp_cell_electrode.elf
Finished building: default.size.stdout
 
Finished building: stm32f051_harp_cell_electrode.list
 
14:34:49 **** Incremental Build of configuration Debug for project stm32f051_harp_cell_electrode ****
make -j3 all 
arm-none-eabi-gcc "../Core/Src/main.c" -mcpu=cortex-m0 -std=gnu11 -g3 -DDEBUG -DUSE_HAL_DRIVER -DSTM32F051x8 -c -I../Core/Inc -I../Drivers/STM32F0xx_HAL_Driver/Inc -I../Drivers/STM32F0xx_HAL_Driver/Inc/Legacy -I../Drivers/CMSIS/Device/ST/STM32F0xx/Include -I../Drivers/CMSIS/Include -O0 -ffunction-sections -fdata-sections -Wall -fstack-usage -MMD -MP -MF"Core/Src/main.d" -MT"Core/Src/main.o" --specs=nano.specs -mfloat-abi=soft -mthumb -o "Core/Src/main.o"
../Core/Src/main.c: In function 'main':
../Core/Src/main.c:101:15: warning: pointer targets in passing argument 1 of 'lcd_string' differ in signedness [-Wpointer-sign]
  101 |    lcd_string("Expecting from address: 10110001");
      |               ^~~~~~~~~~~~~~~~~~~~~~~~~~~~~~~~~~
      |               |
      |               char *
In file included from ../Core/Src/main.c:23:
../Core/Inc/lcd_stm32f0.h:20:26: note: expected 'uint8_t *' {aka 'unsigned char *'} but argument is of type 'char *'
   20 | void lcd_string(uint8_t *string_to_print);
      |                 ~~~~~~~~~^~~~~~~~~~~~~~~
../Core/Src/main.c:104:12: warning: unused variable 'rxBuffer' [-Wunused-variable]
  104 |    uint8_t rxBuffer[rxBufferSize];
      |            ^~~~~~~~
../Core/Src/main.c:102:12: warning: unused variable 'sender_address' [-Wunused-variable]
  102 |    uint8_t sender_address = 0b10110001;
      |            ^~~~~~~~~~~~~~
arm-none-eabi-gcc -o "stm32f051_harp_cell_electrode.elf" @"objects.list"   -mcpu=cortex-m0 -T"/Users/tris/Desktop/harp-cell/src/stm32f051_harp_cell_electrode/STM32F051C6TX_FLASH.ld" --specs=nosys.specs -Wl,-Map="stm32f051_harp_cell_electrode.map" -Wl,--gc-sections -static --specs=nano.specs -mfloat-abi=soft -mthumb -Wl,--start-group -lc -lm -Wl,--end-group
Finished building target: stm32f051_harp_cell_electrode.elf
 
arm-none-eabi-size   stm32f051_harp_cell_electrode.elf 
arm-none-eabi-objdump -h -S  stm32f051_harp_cell_electrode.elf  > "stm32f051_harp_cell_electrode.list"
   text	   data	    bss	    dec	    hex	filename
   7040	     20	   1652	   8712	   2208	stm32f051_harp_cell_electrode.elf
Finished building: default.size.stdout
 
Finished building: stm32f051_harp_cell_electrode.list
 
14:35:12 **** Incremental Build of configuration Debug for project stm32f051_harp_cell_electrode ****
make -j3 all 
arm-none-eabi-gcc "../Core/Src/main.c" -mcpu=cortex-m0 -std=gnu11 -g3 -DDEBUG -DUSE_HAL_DRIVER -DSTM32F051x8 -c -I../Core/Inc -I../Drivers/STM32F0xx_HAL_Driver/Inc -I../Drivers/STM32F0xx_HAL_Driver/Inc/Legacy -I../Drivers/CMSIS/Device/ST/STM32F0xx/Include -I../Drivers/CMSIS/Include -O0 -ffunction-sections -fdata-sections -Wall -fstack-usage -MMD -MP -MF"Core/Src/main.d" -MT"Core/Src/main.o" --specs=nano.specs -mfloat-abi=soft -mthumb -o "Core/Src/main.o"
../Core/Src/main.c: In function 'main':
../Core/Src/main.c:101:15: warning: pointer targets in passing argument 1 of 'lcd_string' differ in signedness [-Wpointer-sign]
  101 |    lcd_string("Txadd: 10110001");
      |               ^~~~~~~~~~~~~~~~~
      |               |
      |               char *
In file included from ../Core/Src/main.c:23:
../Core/Inc/lcd_stm32f0.h:20:26: note: expected 'uint8_t *' {aka 'unsigned char *'} but argument is of type 'char *'
   20 | void lcd_string(uint8_t *string_to_print);
      |                 ~~~~~~~~~^~~~~~~~~~~~~~~
../Core/Src/main.c:104:12: warning: unused variable 'rxBuffer' [-Wunused-variable]
  104 |    uint8_t rxBuffer[rxBufferSize];
      |            ^~~~~~~~
../Core/Src/main.c:102:12: warning: unused variable 'sender_address' [-Wunused-variable]
  102 |    uint8_t sender_address = 0b10110001;
      |            ^~~~~~~~~~~~~~
arm-none-eabi-gcc -o "stm32f051_harp_cell_electrode.elf" @"objects.list"   -mcpu=cortex-m0 -T"/Users/tris/Desktop/harp-cell/src/stm32f051_harp_cell_electrode/STM32F051C6TX_FLASH.ld" --specs=nosys.specs -Wl,-Map="stm32f051_harp_cell_electrode.map" -Wl,--gc-sections -static --specs=nano.specs -mfloat-abi=soft -mthumb -Wl,--start-group -lc -lm -Wl,--end-group
Finished building target: stm32f051_harp_cell_electrode.elf
 
arm-none-eabi-size   stm32f051_harp_cell_electrode.elf 
arm-none-eabi-objdump -h -S  stm32f051_harp_cell_electrode.elf  > "stm32f051_harp_cell_electrode.list"
   text	   data	    bss	    dec	    hex	filename
   7020	     20	   1652	   8692	   21f4	stm32f051_harp_cell_electrode.elf
Finished building: default.size.stdout
 
Finished building: stm32f051_harp_cell_electrode.list
 
14:35:33 **** Incremental Build of configuration Debug for project stm32f051_harp_cell_electrode ****
make -j3 all 
arm-none-eabi-gcc "../Core/Src/main.c" -mcpu=cortex-m0 -std=gnu11 -g3 -DDEBUG -DUSE_HAL_DRIVER -DSTM32F051x8 -c -I../Core/Inc -I../Drivers/STM32F0xx_HAL_Driver/Inc -I../Drivers/STM32F0xx_HAL_Driver/Inc/Legacy -I../Drivers/CMSIS/Device/ST/STM32F0xx/Include -I../Drivers/CMSIS/Include -O0 -ffunction-sections -fdata-sections -Wall -fstack-usage -MMD -MP -MF"Core/Src/main.d" -MT"Core/Src/main.o" --specs=nano.specs -mfloat-abi=soft -mthumb -o "Core/Src/main.o"
../Core/Src/main.c: In function 'main':
../Core/Src/main.c:101:15: warning: pointer targets in passing argument 1 of 'lcd_string' differ in signedness [-Wpointer-sign]
  101 |    lcd_string("Txadd: 10110001");
      |               ^~~~~~~~~~~~~~~~~
      |               |
      |               char *
In file included from ../Core/Src/main.c:23:
../Core/Inc/lcd_stm32f0.h:20:26: note: expected 'uint8_t *' {aka 'unsigned char *'} but argument is of type 'char *'
   20 | void lcd_string(uint8_t *string_to_print);
      |                 ~~~~~~~~~^~~~~~~~~~~~~~~
arm-none-eabi-gcc -o "stm32f051_harp_cell_electrode.elf" @"objects.list"   -mcpu=cortex-m0 -T"/Users/tris/Desktop/harp-cell/src/stm32f051_harp_cell_electrode/STM32F051C6TX_FLASH.ld" --specs=nosys.specs -Wl,-Map="stm32f051_harp_cell_electrode.map" -Wl,--gc-sections -static --specs=nano.specs -mfloat-abi=soft -mthumb -Wl,--start-group -lc -lm -Wl,--end-group
Finished building target: stm32f051_harp_cell_electrode.elf
 
arm-none-eabi-size   stm32f051_harp_cell_electrode.elf 
arm-none-eabi-objdump -h -S  stm32f051_harp_cell_electrode.elf  > "stm32f051_harp_cell_electrode.list"
   text	   data	    bss	    dec	    hex	filename
   8852	     20	   1652	  10524	   291c	stm32f051_harp_cell_electrode.elf
Finished building: default.size.stdout
 
Finished building: stm32f051_harp_cell_electrode.list
 
